// Jest Snapshot v1, https://goo.gl/fbAQLP

exports[`Test of the component <AddCategory/> should show a snapshot of component <AddCategory/> 1`] = `
<form
  className="form_add"
  onSubmit={[Function]}
>
  <p />
  <input
    onChange={[Function]}
    placeholder="Add new category"
    type="text"
    value=""
  />
</form>
`;
